run_id=smoke-20260503
mode=smoke
stage=data: scaffold-only
stage=preprocess: placeholder outputs generated
stage=analysis: placeholder effect tables generated
stage=accession_metadata: cached accession summaries parsed when available
stage=derivation_link: GSE62254 matrix linked to ACRG clinical supplement when source files exist
stage=clinical_outcomes: GSE15459 outcome workbook parsed when available
stage=expression_link: GSE15459 series matrix linked to analyzable clinical rows when matrix cache exists
stage=natcom_clinical: Nat Commun Supplementary Data 2 workbook standardized when source file exists
stage=natcom_gse26899_link: GSE26899 matrix linked to KUGH clinical rows when matrix cache exists
stage=natcom_gse26901_link: GSE26901 matrix linked to KUCM clinical rows with normalized patient ids when matrix cache exists
stage=replication_link: GSE84437 series matrix filtered to survival-ready rows when matrix cache exists
stage=survival_effects: GSE15459 subtype Cox effects generated when clinical rows exist
stage=cross_cohort_effects: aligned ACRG subtype Cox effects generated for GSE62254 and GSE15459 when source data exist
stage=projection_effects: GSE62254 frozen subtype centroids projected into GSE84437 with Cox outputs and assignment QC when platform annotations exist
stage=benchmark: state-definition head-to-head table generated
stage=compact_score_external_validation: GSE26253 recurrence-oriented compact-score effects generated when matrix input exists
stage=natcom_c2_effects: Nat Commun cohort-family treatment-extension effects and cohort summary generated when linked rows exist
stage=natcom_c2_pooled_effects: Nat Commun pooled dataset-adjusted interaction and fixed-effect meta summary generated when linked rows exist
stage=figures: anchor tables, support tables, and manuscript-grade prognosis forest plots generated
stage=audit: manifest, environment, git-state, log copy, and checksums written
